---
source: tui/tests/vt100_chatwidget_snapshot.rs
expression: output
---
 +----------------------------------------------------------------------------+
 |                                    Code                                    |
 +----------------------------------------------------------------------------+
 •

     R #2 · gpt-5.4 · Xs ago
 •   I can help with various tasks including:
 ▼
     - Writing code
     - Reading files
     - Running commands


 ›   /agents

 +----------------------------- ✶ Using tools... -----------------------------+
 | Where do you want to start?                                                |
 +----------------------------------------------------------------------------+
 Read Only  (Shift+Tab change)                       Ctrl+G editor  •  API key
