---
source: tui/tests/vt100_chatwidget_snapshot.rs
expression: output
---
 +----------------------------------------------------------------------------+
 |                                    Code                                    |
 +----------------------------------------------------------------------------+
 •

     R #2 · gpt-5.4 · Xs ago
 •   I can help with various tasks including:
 ▼
     - Writing code
     - Reading files
     - Running commands


 ›   Open docs and find login button

     +- Browser (headless): example.com
     |
     |   Actions
     |    MM:SS  Opened    https://example.com/docs
     |    MM:SS  Clicked   Sign in button
     |    MM:SS  Scrolled  dy=640
     |    MM:SS  Typed     docs search
     |
     |   Console: cdp warning: Refused to load script from cdn.example.com
     |
     +- [Ctrl+B] View · [Esc] Stop

 +----------------------------- ✶ Browsing... -----------------------------+
 | Where do you want to start?                                                |
 +----------------------------------------------------------------------------+
 Read Only  (Shift+Tab change)                       Ctrl+G editor  •  API key
