---
source: tui/tests/vt100_chatwidget_snapshot.rs
assertion_line: 2491
expression: open
---
 +------------------------------------------------------------------------------------------------+
 |                                              Code                                              |
 +------------------------------------------------------------------------------------------------+
 +Settings ▸ Overview-----------------------------------------------------------------------------+
 |                                                                                                |
 | › Model              Model: GPT-5.3-Codex (Medium)                                             |
 |   + Choose the language model used for new completions.                                        |
 |                           +----------------------------------------+                           |
 |   Theme              Theme|Settings Overview                       |mond                       |
 |   + Switch between preset |                                        |                           |
 |                           |• ↑/↓  Move between sections            |                           |
 |   Interface          Mode:|• Enter  Open selected section          |                           |
 |   + Control Settings UI ro|• Tab    Jump forward between sections  |                           |
 |                           |• Esc    Close settings                 |                           |
 |   Experimental       Enabl|• ?      Toggle this help               |                           |
 |   + Toggle experimental fe|                                        |fter session reconf...     |
 |                           |Press Esc to close                      |                           |
 |   Shell              Shell+----------------------------------------+                           |
 |   + Select the shell used for tool execution.                                                  |
 | ↑ ↓ Move    Enter Open    Esc Close    ? Help                                                  |
 |                                                                                                |
 +------------------------------------------------------------------------------------------------+

 +------------------------------------------------------------------------------------------------+
 | What can I code for you today?                                                                 |
 +------------------------------------------------------------------------------------------------+
 Read Only  (Shift+Tab change)                                           Ctrl+G editor  •  API key
