---
source: tui/tests/vt100_chatwidget_snapshot.rs
assertion_line: 2509
expression: section_open
---
 +------------------------------------------------------------------------------------------------+
 |                                              Code                                              |
 +------------------------------------------------------------------------------------------------+
 +Settings ▸ Model--------------------------------------------------------------------------------+
 |                                                                                                |
 | ›  Model              + Select Model & Reasoning --------------------------------------------+ |
 |    Theme              |                                                                      | |
 |    Interface          | C+-----------------------------------------+                         | |
 |    Experimental       | R|Model Shortcuts                          |                         | |
 |    Shell              |  |                                         |                         | |
 |    Shell profiles     | M|• Esc    Return to overview              |                         | |
 |    Exec limits        | F|• Tab    Focus content                   |vailable on supported mo | |
 |    Updates            | A|• Shift+Tab  Focus sidebar               |checks. Past 272,000 inp | |
 |    Accounts           | ›|• ↑/↓    Change section (sidebar focus)  |                         | |
 |    Secrets            |  |• ?      Toggle this help                |                         | |
 |    Apps               |  |                                         |                         | |
 |    Agents             | ↑|Press Esc twice to close                 |dit   Ctrl+S Save defaul | |
 |    Memories           |  +-----------------------------------------+                         | |
 |  ↓ Prompts            +----------------------------------------------------------------------+ |
 | Tab Content  Shift+Tab Sidebar  Esc Overview  ? Help  Focus: Content                           |
 |                                                                                                |
 +------------------------------------------------------------------------------------------------+

 +------------------------------------------------------------------------------------------------+
 | What can I code for you today?                                                                 |
 +------------------------------------------------------------------------------------------------+
 Read Only  (Shift+Tab change)                                           Ctrl+G editor  •  API key
