---
source: tui/tests/vt100_chatwidget_snapshot.rs
assertion_line: 2491
expression: open
---
 +------------------------------------------------------------------------------------------------+
 |                                              Code                                              |
 +------------------------------------------------------------------------------------------------+



 • I can help with various tasks including:

   - Writing code
   - Reading files
   - Running commands


 +------------------------------------------- Settings -------------------------------------------+
 | ↑↓/jk move  Enter open  Esc close                                                              |
 | > Model           Model: GPT-5.3-Codex (Medium)                                                |
 |   Theme           Theme: Light - Photon (16-color) · Spinner: Diamond                          |
 |   Interface       Mode: auto · Overlay >= 100                                                  |
 |   Shell           Shell: auto                                                                  |
 |   Shell profiles  Active: auto                                                                 |
 |   Updates         Auto update: Disabled                                                        |
 |   Accounts        Auto-switch: On · API key fallback: Off                                      |
 |   Agents          Enabled: 10/11                                                               |
 |   Prompts         Prompts enabled: 0                                                           |
 |   Skills          Skills loaded: 0                                                             |
 | Choose the language model used for new completions.                                            |
 +------------------------------------------------------------------------------------------------+
