---
source: tui/tests/vt100_chatwidget_snapshot.rs
expression: output
---
 +----------------------------------------------------------------------------+
 |                                    Code                                    |
 +----------------------------------------------------------------------------+
 • I can help with various tasks including:

   - Writing code
   - Reading files
   - Running commands


 ✶ Dir: /workspace
    feature/context-ui  Reasoning: medium

 +----------------------------------------------------------------------------+
 | What can I code for you today?                                             |
 +----------------------------------------------------------------------------+
 Read Only  (Shift+Tab change)                       Ctrl+G editor  •  API key
