---
source: tui/tests/vt100_chatwidget_snapshot.rs
assertion_line: 2912
expression: output
---
 +----------------------------------------------------------------------------+
 |                                    Code                                    |
 +----------------------------------------------------------------------------+
   File written successfully
   ... 1 more lines (use Fold Output to expand)

 ✓ Complete, duration: Xs (bash({"command":"cargo build --release 2>&1"})) • 2
   args, 4 result lines
   + invocation: bash({"command":"cargo build --release 2>&1"})
   + command: cargo build --release 2>&1
   Compiling my-app v0.1.0
   ... 3 more lines (use Fold Output to expand)

 ✓ Complete, duration: Xs (list_dir({"path":"/src"})) • 2 args, 7 result lines
   + invocation: list_dir({"path":"/src"})
   + path: /src
   main.rs
   ... 6 more lines (use Fold Output to expand)

 +----------------------------------------------------------------------------+
 | What can I code for you today?                                             |
 +----------------------------------------------------------------------------+
 Read Only  (Shift+Tab change)                       Ctrl+G editor  •  API key
