---
source: tui/tests/vt100_chatwidget_snapshot.rs
expression: "frames.join(\"\\n---FRAME---\\n\")"
---
 +----------------------------------------------------------------------------+
 |                                    Code                                    |
 +----------------------------------------------------------------------------+
     R #2 · gpt-5.4 · Xs ago
 •   I can help with various tasks including:
 ▼
     - Writing code
     - Reading files
     - Running commands



  Auto Drive > Comparing diffs against last run.  ✶ Thinking (Xs)
 +----------------------------------------------------------------------------+
 | Where do you want to start?                                                |
 +----------------------------------------------------------------------------+
  • Agents Enabled  • Diagnostics Enabled                              API key

---FRAME---
 +----------------------------------------------------------------------------+
 |                                    Code                                    |
 +----------------------------------------------------------------------------+
     R #2 · gpt-5.4 · Xs ago
 •   I can help with various tasks including:
 ▼
     - Writing code
     - Reading files
     - Running commands



  Auto Drive > Ready: run cargo test --workspace  ✶ Running (Xs)
 +----------------------------------------------------------------------------+
 | Where do you want to start?                                                |
 +----------------------------------------------------------------------------+
  • Agents Enabled  • Diagnostics Enabled                              API key

---FRAME---
 +----------------------------------------------------------------------------+
 |                                    Code                                    |
 +----------------------------------------------------------------------------+
     R #2 · gpt-5.4 · Xs ago
 •   I can help with various tasks including:
 ▼
     - Writing code
     - Reading files
     - Running commands



  Auto Drive > waiting for code review...  ✶ Awaiting review (Xs)
 +----------------------------------------------------------------------------+
 | Where do you want to start?                                                |
 +----------------------------------------------------------------------------+
  • Agents Enabled  • Diagnostics Enabled                              API key

---FRAME---
 +----------------------------------------------------------------------------+
 |                                    Code                                    |
 +----------------------------------------------------------------------------+
     R #2 · gpt-5.4 · Xs ago
 •   I can help with various tasks including:
 ▼
     - Writing code
     - Reading files
     - Running commands



  Auto Drive > Queued new command for execution.  ✶ Thinking (Xs)
 +----------------------------------------------------------------------------+
 | Where do you want to start?                                                |
 +----------------------------------------------------------------------------+
  • Agents Enabled  • Diagnostics Enabled                              API key
